01:00
01:15 1 b
01:20 1 a
01:25 1 c
01:30 1 d
02:00 11 a
02:00 11 b
02:00 11 c
02:00 11 d
02:00
1 0 00:00
