01:00
00:30 1 client1
00:30 13 NotOpenYet
02:00
1 0 00:00
