01:00
01:15 1 client1
01:20 3 client1
01:20 13 ICanWaitNoLonger!
02:00 11 client1
02:00
1 0 00:00
