01:00
01:15 1 client1
01:30 1 client1
01:30 13 YouShallNotPass
02:00 11 client1
02:00
1 0 00:00
