01:00
01:15 1 client1
01:20 2 client1 1
01:25 2 client1 1
01:25 13 PlaceIsBusy
02:00 11 client1
02:00
1 7 00:40
2 0 00:00
