01:00
01:15 1 client1
01:20 2 client1 1
01:25 1 client2
01:30 3 client2
01:35 4 client1
01:35 12 client2 1
02:00 11 client2
02:00
1 14 00:40
