01:00
01:15 1 client1
01:20 2 client1 1
01:25 1 client2
01:30 2 client2 1
01:30 13 PlaceIsBusy
02:00 11 client1
02:00 11 client2
02:00
1 7 00:40
