01:00
01:20 2 client1 1
01:20 13 ClientUnknown
02:00
1 0 00:00
