01:00
01:20 4 client1
01:20 13 ClientUnknown
02:00
1 0 00:00
